11:39:21 **** Incremental Build of configuration Debug for project minisumo_miras ****
make -j12 all 
arm-none-eabi-gcc "../Core/Src/modes_of_operation.c" -mcpu=cortex-m4 -std=gnu11 -g3 -DDEBUG -DUSE_HAL_DRIVER -DSTM32F411xE -c -I../Core/Inc -I../Drivers/STM32F4xx_HAL_Driver/Inc -I../Drivers/STM32F4xx_HAL_Driver/Inc/Legacy -I../Drivers/CMSIS/Device/ST/STM32F4xx/Include -I../Drivers/CMSIS/Include -I"E:/projects/minisumo/code/minisumo_miras/Drivers/VL53L0X/core/inc" -I"E:/projects/minisumo/code/minisumo_miras/Drivers/VL53L0X/platform/inc" -O0 -ffunction-sections -fdata-sections -Wall -fstack-usage -MMD -MP -MF"Core/Src/modes_of_operation.d" -MT"Core/Src/modes_of_operation.o" --specs=nano.specs -mfpu=fpv4-sp-d16 -mfloat-abi=hard -mthumb -o "Core/Src/modes_of_operation.o"
arm-none-eabi-gcc -o "minisumo_miras.elf" @"objects.list"   -mcpu=cortex-m4 -T"E:\projects\minisumo\code\minisumo_miras\STM32F411RETX_FLASH.ld" --specs=nosys.specs -Wl,-Map="minisumo_miras.map" -Wl,--gc-sections -static --specs=nano.specs -mfpu=fpv4-sp-d16 -mfloat-abi=hard -mthumb -u _printf_float -u _scanf_float -Wl,--start-group -lc -lm -Wl,--end-group
Finished building target: minisumo_miras.elf
 
arm-none-eabi-size   minisumo_miras.elf 
arm-none-eabi-objdump -h -S  minisumo_miras.elf  > "minisumo_miras.list"
   text	   data	    bss	    dec	    hex	filename
  74704	   1192	   5944	  81840	  13fb0	minisumo_miras.elf
Finished building: default.size.stdout
 
Finished building: minisumo_miras.list
 

11:39:23 Build Finished. 0 errors, 0 warnings. (took 2s.309ms)

